[2026-07-11 13:38:14] CyberVision AI Started
[2026-07-11 15:49:10] Unknown Person Detected
[2026-07-11 15:49:22] Unknown Person Detected
[2026-07-11 15:49:32] Unknown Person Detected
[2026-07-11 15:49:40] Unknown Person Detected
[2026-07-11 15:52:00] Unknown Person Detected
[2026-07-11 15:52:05] Unknown Person Detected
[2026-07-11 15:52:26] Unknown Person Detected
[2026-07-11 15:52:34] Unknown Person Detected
[2026-07-11 15:52:45] Unknown Person Detected
[2026-07-11 15:53:19] Unknown Person Detected
[2026-07-11 15:53:31] Unknown Person Detected
[2026-07-12 13:24:52] Unauthorized Person Detected
[2026-07-12 13:24:57] Unauthorized Person Detected
[2026-07-12 13:25:06] Unauthorized Person Detected
[2026-07-12 13:25:19] Unauthorized Person Detected
[2026-07-12 13:25:25] Unauthorized Person Detected
[2026-07-12 13:25:30] Unauthorized Person Detected
[2026-07-12 13:25:36] Unauthorized Person Detected
[2026-07-12 13:25:41] Unauthorized Person Detected
[2026-07-12 13:25:46] Unauthorized Person Detected
[2026-07-12 13:25:51] Unauthorized Person Detected
[2026-07-12 13:25:58] Unauthorized Person Detected
[2026-07-12 13:26:03] Unauthorized Person Detected
[2026-07-12 13:26:09] Unauthorized Person Detected
[2026-07-12 13:26:14] Unauthorized Person Detected
[2026-07-12 13:26:20] Unauthorized Person Detected
[2026-07-12 13:26:25] Unauthorized Person Detected
[2026-07-12 13:26:30] Unauthorized Person Detected
[2026-07-12 13:26:35] Unauthorized Person Detected
[2026-07-12 13:26:40] Unauthorized Person Detected
[2026-07-12 13:26:46] Unauthorized Person Detected
[2026-07-12 13:26:51] Unauthorized Person Detected
[2026-07-12 13:26:56] Unauthorized Person Detected
[2026-07-12 13:27:01] Unauthorized Person Detected
[2026-07-12 13:27:06] Unauthorized Person Detected
[2026-07-12 13:27:11] Unauthorized Person Detected
[2026-07-12 13:27:16] Unauthorized Person Detected
[2026-07-12 13:27:23] Unauthorized Person Detected
[2026-07-12 13:27:28] Unauthorized Person Detected
[2026-07-12 13:30:01] Unauthorized Person Detected
[2026-07-12 13:30:06] Unauthorized Person Detected
[2026-07-12 13:30:11] Unauthorized Person Detected
[2026-07-12 13:30:16] Unauthorized Person Detected
[2026-07-12 13:30:21] Unauthorized Person Detected
[2026-07-12 13:30:27] Unauthorized Person Detected
[2026-07-12 13:30:33] Unauthorized Person Detected
[2026-07-12 13:30:41] Unauthorized Person Detected
[2026-07-12 13:30:57] Unauthorized Person Detected
[2026-07-12 13:31:05] Unauthorized Person Detected
[2026-07-12 13:31:14] Unauthorized Person Detected
[2026-07-12 13:31:19] Unauthorized Person Detected
[2026-07-12 13:31:28] Unauthorized Person Detected
[2026-07-12 13:33:25] Unauthorized Person Detected
[2026-07-12 13:33:34] Unauthorized Person Detected
[2026-07-12 13:33:40] Unauthorized Person Detected
[2026-07-12 13:33:50] Unauthorized Person Detected
[2026-07-12 13:33:56] Unauthorized Person Detected
[2026-07-12 13:34:01] Unauthorized Person Detected
[2026-07-12 13:34:06] Unauthorized Person Detected
[2026-07-12 13:34:11] Unauthorized Person Detected
[2026-07-12 13:34:17] Unauthorized Person Detected
[2026-07-12 13:34:25] Unauthorized Person Detected
[2026-07-12 13:34:30] Unauthorized Person Detected
[2026-07-12 21:20:48] Unauthorized Person Detected
[2026-07-12 21:20:56] Unauthorized Person Detected
[2026-07-12 21:21:09] Unauthorized Person Detected
[2026-07-12 21:21:16] Unauthorized Person Detected
[2026-07-12 21:21:23] Unauthorized Person Detected
[2026-07-12 21:21:31] Unauthorized Person Detected
[2026-07-12 21:21:38] Unauthorized Person Detected
[2026-07-12 21:21:53] Unauthorized Person Detected
[2026-07-12 21:21:59] Unauthorized Person Detected
[2026-07-12 21:22:31] Unauthorized Person Detected
[2026-07-12 21:22:38] Unauthorized Person Detected
[2026-07-12 21:22:43] Unauthorized Person Detected
[2026-07-13 09:37:53] Unauthorized Person Detected
[2026-07-13 09:37:58] Unauthorized Person Detected
[2026-07-13 09:38:07] Unauthorized Person Detected
[2026-07-13 09:38:13] Unauthorized Person Detected
[2026-07-13 09:38:19] Unauthorized Person Detected
[2026-07-13 09:38:27] Unauthorized Person Detected
[2026-07-13 09:38:33] Unauthorized Person Detected
[2026-07-13 09:38:43] Unauthorized Person Detected
[2026-07-13 09:38:48] Unauthorized Person Detected
[2026-07-13 09:38:53] Unauthorized Person Detected
[2026-07-13 09:38:59] Unauthorized Person Detected
[2026-07-13 09:39:04] Unauthorized Person Detected
[2026-07-13 09:39:10] Unauthorized Person Detected
[2026-07-13 15:38:29] Unauthorized Person Detected
[2026-07-13 15:38:34] Unauthorized Person Detected
[2026-07-13 15:38:40] Unauthorized Person Detected
[2026-07-13 15:38:45] Unauthorized Person Detected
[2026-07-13 15:39:06] Unauthorized Person Detected
[2026-07-13 15:43:46] Unauthorized Person Detected
[2026-07-13 15:43:51] Unauthorized Person Detected
[2026-07-13 15:43:57] Unauthorized Person Detected
[2026-07-13 15:44:02] Unauthorized Person Detected
[2026-07-13 15:44:07] Unauthorized Person Detected
[2026-07-13 15:44:13] Unauthorized Person Detected
[2026-07-13 15:44:18] Unauthorized Person Detected
[2026-07-13 15:44:24] Unauthorized Person Detected
[2026-07-13 15:44:29] Unauthorized Person Detected
[2026-07-13 15:44:35] Unauthorized Person Detected
[2026-07-13 15:44:41] Unauthorized Person Detected
[2026-07-13 15:44:56] Unauthorized Person Detected
[2026-07-13 15:45:04] Unauthorized Person Detected
[2026-07-13 15:45:17] Unauthorized Person Detected
[2026-07-13 15:45:32] Unauthorized Person Detected
[2026-07-13 15:45:38] Unauthorized Person Detected
[2026-07-13 15:45:43] Unauthorized Person Detected
[2026-07-13 15:45:48] Unauthorized Person Detected
[2026-07-13 15:45:58] Unauthorized Person Detected
[2026-07-13 15:46:05] Unauthorized Person Detected
[2026-07-13 15:46:16] Unauthorized Person Detected
[2026-07-13 15:46:21] Unauthorized Person Detected
[2026-07-13 15:46:26] Unauthorized Person Detected
[2026-07-13 15:46:32] Unauthorized Person Detected
[2026-07-16 09:38:22] Unauthorized Person Detected
[2026-07-16 09:38:27] Unauthorized Person Detected
[2026-07-16 09:38:32] Unauthorized Person Detected
[2026-07-16 09:38:37] Unauthorized Person Detected
[2026-07-16 09:38:44] Unauthorized Person Detected
[2026-07-16 09:38:51] Unauthorized Person Detected
[2026-07-16 09:38:57] Unauthorized Person Detected
[2026-07-16 09:39:02] Unauthorized Person Detected
[2026-07-16 09:39:10] Unauthorized Person Detected
[2026-07-16 09:39:16] Unauthorized Person Detected
[2026-07-16 09:39:21] Unauthorized Person Detected
[2026-07-16 09:39:26] Unauthorized Person Detected
[2026-07-16 09:39:31] Unauthorized Person Detected
[2026-07-16 09:41:20] Unauthorized Person Detected
[2026-07-16 09:41:26] Unauthorized Person Detected
[2026-07-16 09:41:32] Unauthorized Person Detected
[2026-07-16 09:41:37] Unauthorized Person Detected
[2026-07-16 09:41:42] Unauthorized Person Detected
[2026-07-16 09:41:47] Unauthorized Person Detected
[2026-07-16 09:41:52] Unauthorized Person Detected
[2026-07-16 09:41:57] Unauthorized Person Detected
[2026-07-16 09:42:02] Unauthorized Person Detected
[2026-07-16 09:42:07] Unauthorized Person Detected
[2026-07-16 09:42:13] Unauthorized Person Detected
[2026-07-16 09:42:18] Unauthorized Person Detected
[2026-07-16 09:42:23] Unauthorized Person Detected
[2026-07-16 09:42:28] Unauthorized Person Detected
[2026-07-16 09:44:56] Unauthorized Person Detected
[2026-07-16 09:45:02] Unauthorized Person Detected
[2026-07-16 09:45:07] Unauthorized Person Detected
[2026-07-16 09:45:13] Unauthorized Person Detected
[2026-07-16 09:45:18] Unauthorized Person Detected
[2026-07-16 09:45:23] Unauthorized Person Detected
[2026-07-16 09:45:28] Unauthorized Person Detected
[2026-07-16 09:45:33] Unauthorized Person Detected
[2026-07-16 09:47:53] Unauthorized Person Detected
[2026-07-16 09:47:58] Unauthorized Person Detected
[2026-07-16 09:48:03] Unauthorized Person Detected
[2026-07-16 09:48:08] Unauthorized Person Detected
[2026-07-16 09:48:14] Unauthorized Person Detected
[2026-07-16 09:48:19] Unauthorized Person Detected
[2026-07-16 09:48:24] Unauthorized Person Detected
[2026-07-16 09:48:30] Unauthorized Person Detected
[2026-07-16 09:48:35] Unauthorized Person Detected
[2026-07-16 09:48:40] Unauthorized Person Detected
[2026-07-16 09:48:45] Unauthorized Person Detected
[2026-07-16 09:48:50] Unauthorized Person Detected
[2026-07-16 09:48:56] Unauthorized Person Detected
[2026-07-16 09:49:01] Unauthorized Person Detected
[2026-07-16 09:51:30] Unauthorized Person Detected
[2026-07-16 09:51:38] Unauthorized Person Detected
[2026-07-16 09:51:44] Unauthorized Person Detected
[2026-07-16 09:51:50] Unauthorized Person Detected
[2026-07-16 09:51:56] Unauthorized Person Detected
[2026-07-16 09:52:02] Unauthorized Person Detected
[2026-07-16 09:52:09] Unauthorized Person Detected
[2026-07-16 09:52:14] Unauthorized Person Detected
[2026-07-16 09:52:26] Unauthorized Person Detected
[2026-07-16 09:52:32] Unauthorized Person Detected
[2026-07-16 09:52:37] Unauthorized Person Detected
[2026-07-16 09:52:43] Unauthorized Person Detected
[2026-07-16 09:52:48] Unauthorized Person Detected
[2026-07-16 09:57:04] Unauthorized Person Detected
[2026-07-16 09:57:13] Unauthorized Person Detected
[2026-07-16 09:57:18] Unauthorized Person Detected
[2026-07-16 09:57:23] Unauthorized Person Detected
[2026-07-16 09:57:28] Unauthorized Person Detected
[2026-07-16 10:03:59] Unauthorized Person Detected
[2026-07-16 10:04:22] Unauthorized Person Detected
[2026-07-16 10:04:52] Unauthorized Person Detected
[2026-07-16 10:04:59] Unauthorized Person Detected
[2026-07-16 10:05:04] Unauthorized Person Detected
[2026-07-16 10:05:14] Unauthorized Person Detected
[2026-07-16 10:05:19] Unauthorized Person Detected
[2026-07-16 10:05:24] Unauthorized Person Detected
[2026-07-16 10:05:29] Unauthorized Person Detected
[2026-07-16 10:05:34] Unauthorized Person Detected
[2026-07-16 10:05:50] Unauthorized Person Detected
[2026-07-19 20:07:36] Unauthorized Person Detected
[2026-07-19 20:07:41] Unauthorized Person Detected
[2026-07-19 20:07:46] Unauthorized Person Detected
[2026-07-19 20:07:51] Unauthorized Person Detected
[2026-07-19 20:11:07] Unauthorized Person Detected
[2026-07-19 20:11:12] Unauthorized Person Detected
[2026-07-19 20:11:18] Unauthorized Person Detected
[2026-07-19 20:11:23] Unauthorized Person Detected
[2026-07-19 20:11:29] Unauthorized Person Detected
[2026-07-19 20:17:43] Unauthorized Person Detected
[2026-07-19 20:17:58] Unauthorized Person Detected
[2026-07-19 20:18:11] Unauthorized Person Detected
[2026-07-19 20:18:16] Unauthorized Person Detected
[2026-07-19 20:18:22] Unauthorized Person Detected
[2026-07-19 20:18:29] Unauthorized Person Detected
[2026-07-19 20:18:42] Unauthorized Person Detected
[2026-07-19 20:25:40] Unauthorized Person Detected
[2026-07-19 20:25:45] Unauthorized Person Detected
[2026-07-19 20:25:51] Unauthorized Person Detected
[2026-07-19 20:25:58] Unauthorized Person Detected
[2026-07-19 20:26:41] Unauthorized Person Detected
[2026-07-19 20:26:58] Unauthorized Person Detected
[2026-07-19 20:27:03] Unauthorized Person Detected
[2026-07-19 20:27:09] Unauthorized Person Detected
[2026-07-19 20:29:34] Unauthorized Person Detected
[2026-07-19 20:29:40] Unauthorized Person Detected
[2026-07-19 20:29:48] Unauthorized Person Detected
[2026-07-19 20:29:53] Unauthorized Person Detected
[2026-07-19 20:29:59] Unauthorized Person Detected
[2026-07-19 20:30:08] Unauthorized Person Detected
[2026-07-19 20:30:14] Unauthorized Person Detected
[2026-07-19 20:32:16] Unauthorized Person Detected
[2026-07-19 20:32:23] Unauthorized Person Detected
[2026-07-19 20:32:28] Unauthorized Person Detected
[2026-07-19 20:32:36] Unauthorized Person Detected
[2026-07-19 20:32:41] Unauthorized Person Detected
[2026-07-19 20:36:49] Unauthorized Person Detected
[2026-07-19 20:36:54] Unauthorized Person Detected
[2026-07-19 20:37:02] Unauthorized Person Detected
[2026-07-19 20:37:07] Unauthorized Person Detected
[2026-07-19 20:37:16] Unauthorized Person Detected
[2026-07-19 20:40:37] Unauthorized Person Detected
[2026-07-19 20:40:42] Unauthorized Person Detected
[2026-07-19 20:41:09] Unauthorized Person Detected
[2026-07-19 20:41:42] Unauthorized Person Detected
[2026-07-20 10:06:41] Unauthorized Person Detected
[2026-07-20 10:06:55] Unauthorized Person Detected
[2026-07-20 10:08:54] Unauthorized Person Detected
[2026-07-20 10:08:59] Unauthorized Person Detected
[2026-07-20 10:09:16] Unauthorized Person Detected
[2026-07-20 10:09:24] Unauthorized Person Detected
[2026-07-20 10:09:31] Unauthorized Person Detected
[2026-07-20 10:10:10] Unauthorized Person Detected
[2026-07-27 21:01:37] Unauthorized Person Detected
[2026-07-27 21:01:45] Unauthorized Person Detected
[2026-07-27 21:02:31] Unauthorized Person Detected
[2026-07-27 21:02:45] Unauthorized Person Detected
[2026-07-27 21:02:51] Unauthorized Person Detected
[2026-07-27 21:02:58] Unauthorized Person Detected
[2026-07-27 21:03:04] Unauthorized Person Detected
[2026-07-27 21:03:14] Unauthorized Person Detected
[2026-07-27 21:03:24] Unauthorized Person Detected
[2026-07-27 21:03:31] Unauthorized Person Detected
[2026-07-27 21:03:38] Unauthorized Person Detected
[2026-07-27 21:03:51] Unauthorized Person Detected
[2026-07-27 21:03:58] Unauthorized Person Detected
[2026-07-27 21:04:12] Unauthorized Person Detected
[2026-07-27 21:04:20] Unauthorized Person Detected
[2026-07-27 21:04:26] Unauthorized Person Detected
[2026-07-27 21:05:17] Unauthorized Person Detected
[2026-07-27 21:05:33] Unauthorized Person Detected
[2026-07-27 21:05:50] Unauthorized Person Detected
[2026-07-27 21:06:17] Unauthorized Person Detected
[2026-07-27 21:06:24] Unauthorized Person Detected
[2026-07-27 21:06:37] Unauthorized Person Detected
[2026-07-27 21:06:44] Unauthorized Person Detected
[2026-07-28 15:02:09] Unauthorized Person Detected
[2026-07-28 15:02:25] Unauthorized Person Detected
[2026-07-28 15:02:31] Unauthorized Person Detected
[2026-07-28 15:20:04] Unauthorized Person Detected
[2026-07-28 15:20:12] Unauthorized Person Detected
[2026-07-28 15:20:20] Unauthorized Person Detected
[2026-07-28 15:20:25] Unauthorized Person Detected
[2026-07-28 15:20:32] Unauthorized Person Detected
[2026-07-28 15:26:02] Unauthorized Person Detected
[2026-07-28 15:26:10] Unauthorized Person Detected
[2026-07-28 15:26:16] Unauthorized Person Detected
[2026-07-28 15:26:32] Unauthorized Person Detected
[2026-07-28 15:26:38] Unauthorized Person Detected
[2026-07-28 15:26:45] Unauthorized Person Detected
[2026-07-28 15:26:52] Unauthorized Person Detected
[2026-07-28 15:27:07] Unauthorized Person Detected
[2026-07-28 15:30:13] Unauthorized Person Detected
[2026-07-28 15:30:19] Unauthorized Person Detected
[2026-07-28 15:30:25] Unauthorized Person Detected
[2026-07-28 15:30:33] Unauthorized Person Detected
[2026-07-28 15:30:39] Unauthorized Person Detected
[2026-07-29 11:25:42] Unauthorized Person Detected
[2026-07-29 11:25:48] Unauthorized Person Detected
[2026-07-29 11:25:54] Unauthorized Person Detected
[2026-07-29 11:26:21] Unauthorized Person Detected
[2026-07-29 11:27:05] Unauthorized Person Detected
[2026-07-29 13:54:46] Unauthorized Person Detected
[2026-07-29 13:54:51] Unauthorized Person Detected
[2026-08-07 22:33:09] Unauthorized Person Detected
[2026-08-07 22:33:16] Unauthorized Person Detected
[2026-08-07 22:33:22] Unauthorized Person Detected
[2026-08-07 22:33:28] Unauthorized Person Detected
[2026-08-07 22:50:45] Unauthorized Person Detected
[2026-08-07 22:50:54] Unauthorized Person Detected
[2026-08-07 22:50:59] Unauthorized Person Detected
[2026-08-07 22:51:04] Unauthorized Person Detected
[2026-08-07 22:51:11] Unauthorized Person Detected
[2026-08-07 22:51:16] Unauthorized Person Detected
[2026-08-07 22:51:21] Unauthorized Person Detected
[2026-08-07 22:51:27] Unauthorized Person Detected
[2026-08-07 22:51:33] Unauthorized Person Detected
[2026-08-07 22:51:38] Unauthorized Person Detected
[2026-08-07 22:51:44] Unauthorized Person Detected
[2026-08-07 22:51:49] Unauthorized Person Detected
[2026-08-07 22:53:34] Unauthorized Person Detected
[2026-08-07 22:53:40] Unauthorized Person Detected
[2026-08-07 22:53:46] Unauthorized Person Detected
[2026-08-07 22:53:55] Unauthorized Person Detected
[2026-08-07 23:03:28] Unauthorized Person Detected
[2026-08-07 23:03:33] Unauthorized Person Detected
[2026-08-07 23:03:38] Unauthorized Person Detected
[2026-08-07 23:03:44] Unauthorized Person Detected
[2026-08-07 23:03:59] Unauthorized Person Detected
[2026-08-07 23:04:06] Unauthorized Person Detected
[2026-08-07 23:04:11] Unauthorized Person Detected
[2026-08-07 23:04:16] Unauthorized Person Detected
[2026-08-07 23:04:22] Unauthorized Person Detected
[2026-08-07 23:04:36] Unauthorized Person Detected
[2026-08-07 23:04:41] Unauthorized Person Detected
[2026-08-07 23:04:49] Unauthorized Person Detected
[2026-08-07 23:04:54] Unauthorized Person Detected
[2026-08-07 23:12:47] Unauthorized Person Detected
[2026-08-07 23:12:52] Unauthorized Person Detected
[2026-08-07 23:13:01] Unauthorized Person Detected
[2026-08-07 23:13:08] Unauthorized Person Detected
[2026-08-07 23:13:13] Unauthorized Person Detected
[2026-08-07 23:13:19] Unauthorized Person Detected
[2026-08-07 23:13:25] Unauthorized Person Detected
[2026-08-07 23:13:30] Unauthorized Person Detected
[2026-08-07 23:13:36] Unauthorized Person Detected
[2026-08-07 23:13:42] Unauthorized Person Detected
[2026-08-07 23:13:47] Unauthorized Person Detected
[2026-08-07 23:13:53] Unauthorized Person Detected
[2026-08-07 23:13:59] Unauthorized Person Detected
[2026-08-07 23:14:02] Unauthorized Person Detected
[2026-08-07 23:14:08] Unauthorized Person Detected
[2026-08-07 23:14:13] Unauthorized Person Detected
[2026-08-07 23:14:19] Unauthorized Person Detected
[2026-08-07 23:14:28] Unauthorized Person Detected
[2026-08-07 23:14:33] Unauthorized Person Detected
[2026-08-07 23:14:53] Unauthorized Person Detected
[2026-08-07 23:14:58] Unauthorized Person Detected
[2026-08-07 23:15:03] Unauthorized Person Detected
[2026-08-07 23:18:10] Unauthorized Person Detected
[2026-08-07 23:18:15] Unauthorized Person Detected
[2026-08-07 23:18:21] Unauthorized Person Detected
[2026-08-07 23:18:26] Unauthorized Person Detected
[2026-08-07 23:18:32] Unauthorized Person Detected
[2026-08-07 23:18:37] Unauthorized Person Detected
[2026-08-07 23:18:42] Unauthorized Person Detected
[2026-08-07 23:18:47] Unauthorized Person Detected
[2026-08-07 23:18:52] Unauthorized Person Detected
[2026-08-07 23:18:57] Unauthorized Person Detected
[2026-08-07 23:19:02] Unauthorized Person Detected
[2026-08-07 23:19:07] Unauthorized Person Detected
[2026-08-07 23:19:14] Unauthorized Person Detected
[2026-08-07 23:19:19] Unauthorized Person Detected
[2026-08-07 23:19:24] Unauthorized Person Detected
[2026-08-07 23:19:29] Unauthorized Person Detected
[2026-08-07 23:19:41] Unauthorized Person Detected
[2026-08-07 23:19:46] Unauthorized Person Detected
[2026-08-07 23:19:51] Unauthorized Person Detected
[2026-08-07 23:19:57] Unauthorized Person Detected
[2026-08-07 23:20:02] Unauthorized Person Detected
[2026-08-07 23:20:07] Unauthorized Person Detected
[2026-08-07 23:20:12] Unauthorized Person Detected
[2026-08-07 23:20:17] Unauthorized Person Detected
[2026-08-07 23:20:22] Unauthorized Person Detected
[2026-08-07 23:20:28] Unauthorized Person Detected
[2026-08-07 23:20:33] Unauthorized Person Detected
[2026-08-07 23:21:47] Unauthorized Person Detected
[2026-08-07 23:21:52] Unauthorized Person Detected
[2026-08-07 23:21:57] Unauthorized Person Detected
[2026-08-07 23:22:04] Unauthorized Person Detected
[2026-08-07 23:22:14] Unauthorized Person Detected
[2026-08-07 23:22:19] Unauthorized Person Detected
[2026-08-07 23:22:24] Unauthorized Person Detected
[2026-08-07 23:22:30] Unauthorized Person Detected
[2026-08-07 23:22:35] Unauthorized Person Detected
[2026-08-07 23:22:40] Unauthorized Person Detected
[2026-08-07 23:22:45] Unauthorized Person Detected
[2026-08-07 23:22:50] Unauthorized Person Detected
[2026-08-07 23:22:55] Unauthorized Person Detected
[2026-08-07 23:23:00] Unauthorized Person Detected
[2026-08-07 23:23:05] Unauthorized Person Detected
[2026-08-07 23:23:10] Unauthorized Person Detected
[2026-08-07 23:23:15] Unauthorized Person Detected
[2026-08-07 23:23:20] Unauthorized Person Detected
[2026-08-07 23:23:25] Unauthorized Person Detected
[2026-08-07 23:23:30] Unauthorized Person Detected
[2026-08-07 23:25:44] Unauthorized Person Detected
[2026-08-07 23:25:49] Unauthorized Person Detected
[2026-08-07 23:25:55] Unauthorized Person Detected
[2026-08-07 23:26:03] Unauthorized Person Detected
[2026-08-07 23:26:08] Unauthorized Person Detected
[2026-08-07 23:29:11] Unauthorized Person Detected
[2026-08-07 23:29:18] Unauthorized Person Detected
[2026-08-07 23:29:23] Camera covered or blocked
[2026-08-07 23:29:26] Unauthorized Person Detected
[2026-08-07 23:29:32] Camera covered or blocked
[2026-08-07 23:29:35] Unauthorized Person Detected
[2026-08-07 23:29:40] Camera covered or blocked
[2026-08-07 23:29:43] Unauthorized Person Detected
[2026-08-07 23:29:51] Unauthorized Person Detected
[2026-08-07 23:29:58] Camera covered or blocked
[2026-08-07 23:30:02] Unauthorized Person Detected
[2026-08-07 23:30:10] Unauthorized Person Detected
[2026-08-07 23:32:50] Unauthorized Person Detected
[2026-08-07 23:32:56] Camera covered or blocked
[2026-08-07 23:33:01] Unauthorized Person Detected
[2026-08-07 23:33:02] Camera covered or blocked
[2026-08-07 23:33:03] Unauthorized Person Detected
[2026-08-07 23:33:09] Camera covered or blocked
[2026-08-07 23:33:10] Unauthorized Person Detected
[2026-08-07 23:33:11] Camera covered or blocked
[2026-08-07 23:33:13] Unauthorized Person Detected
[2026-08-07 23:33:16] Unauthorized Person Detected
[2026-08-08 09:25:14] Multiple faces detected
[2026-08-08 09:25:20] Unauthorized Person Detected
[2026-08-08 09:25:20] Camera covered or blocked
[2026-08-08 09:25:25] Multiple faces detected
[2026-08-08 09:25:28] Unauthorized Person Detected
[2026-08-08 09:59:31] Multiple faces detected
[2026-08-08 09:59:34] Unauthorized Person Detected
[2026-08-08 09:59:34] Multiple faces detected
[2026-08-08 09:59:34] Unauthorized Person Detected
[2026-08-08 09:59:35] Multiple faces detected
[2026-08-08 09:59:35] Unauthorized Person Detected
[2026-08-08 09:59:35] Multiple faces detected
[2026-08-08 09:59:35] Unauthorized Person Detected
[2026-08-08 09:59:35] Multiple faces detected
[2026-08-08 09:59:38] Unauthorized Person Detected
[2026-08-08 09:59:38] Multiple faces detected
[2026-08-08 09:59:39] Unauthorized Person Detected
[2026-08-08 09:59:39] Multiple faces detected
[2026-08-08 09:59:40] Unauthorized Person Detected
[2026-08-08 09:59:40] Multiple faces detected
[2026-08-08 09:59:55] Unauthorized Person Detected
[2026-08-08 09:59:55] Unauthorized Person Detected
[2026-08-08 09:59:55] Multiple faces detected
[2026-08-08 09:59:55] Unauthorized Person Detected
[2026-08-08 09:59:55] Multiple faces detected
[2026-08-08 09:59:56] Unauthorized Person Detected
[2026-08-08 09:59:56] Multiple faces detected
[2026-08-08 09:59:56] Unauthorized Person Detected
[2026-08-08 09:59:56] Multiple faces detected
[2026-08-08 09:59:56] Unauthorized Person Detected
[2026-08-08 09:59:56] Multiple faces detected
[2026-08-08 10:00:00] Unauthorized Person Detected
[2026-08-08 10:00:00] Multiple faces detected
[2026-08-08 10:00:00] Unauthorized Person Detected
[2026-08-08 10:00:01] Unauthorized Person Detected
[2026-08-08 10:00:03] Unauthorized Person Detected
[2026-08-08 10:00:03] Unauthorized Person Detected
[2026-08-08 10:00:05] Unauthorized Person Detected
[2026-08-08 10:00:06] Unauthorized Person Detected
[2026-08-08 10:00:07] Unauthorized Person Detected
[2026-08-08 10:00:07] Multiple faces detected
[2026-08-08 10:00:08] Unauthorized Person Detected
[2026-08-08 10:00:08] Multiple faces detected
[2026-08-08 10:00:08] Unauthorized Person Detected
[2026-08-08 10:00:09] Multiple faces detected
[2026-08-08 10:00:09] Unauthorized Person Detected
[2026-08-08 10:00:09] Multiple faces detected
[2026-08-08 10:00:09] Unauthorized Person Detected
[2026-08-08 10:00:10] Multiple faces detected
[2026-08-08 10:00:10] Unauthorized Person Detected
[2026-08-08 10:00:11] Unauthorized Person Detected
[2026-08-08 10:00:11] Multiple faces detected
[2026-08-08 10:00:11] Unauthorized Person Detected
[2026-08-08 10:00:12] Unauthorized Person Detected
[2026-08-08 10:00:12] Multiple faces detected
[2026-08-08 10:00:14] Unauthorized Person Detected
[2026-08-08 10:00:14] Unauthorized Person Detected
[2026-08-08 10:00:15] Multiple faces detected
[2026-08-08 10:00:15] Unauthorized Person Detected
[2026-08-08 10:00:15] Multiple faces detected
[2026-08-08 10:00:18] Unauthorized Person Detected
[2026-08-08 10:00:18] Multiple faces detected
[2026-08-08 10:00:18] Unauthorized Person Detected
[2026-08-08 10:00:18] Multiple faces detected
[2026-08-08 10:00:18] Unauthorized Person Detected
[2026-08-08 10:00:18] Multiple faces detected
[2026-08-08 10:00:21] Unauthorized Person Detected
[2026-08-08 10:00:21] Multiple faces detected
[2026-08-08 10:00:21] Unauthorized Person Detected
[2026-08-08 10:00:23] Unauthorized Person Detected
[2026-08-08 10:06:34] Multiple faces detected
[2026-08-08 10:06:41] Multiple faces detected
[2026-08-08 10:06:44] Multiple faces detected
[2026-08-08 10:06:44] Unauthorized Person Detected
[2026-08-08 10:06:45] Multiple faces detected
[2026-08-08 10:06:45] Unauthorized Person Detected
[2026-08-08 10:06:47] Unauthorized Person Detected
[2026-08-08 10:06:48] Unauthorized Person Detected
[2026-08-08 10:06:49] Unauthorized Person Detected
[2026-08-08 10:06:50] Multiple faces detected
[2026-08-08 10:06:53] Unauthorized Person Detected
[2026-08-08 10:06:53] Multiple faces detected
[2026-08-08 10:06:53] Unauthorized Person Detected
[2026-08-08 10:06:53] Multiple faces detected
[2026-08-08 10:06:57] Unauthorized Person Detected
[2026-08-08 10:06:58] Unauthorized Person Detected
[2026-08-08 10:06:59] Multiple faces detected
[2026-08-08 10:07:00] Multiple faces detected
[2026-08-08 10:07:03] Unauthorized Person Detected
[2026-08-08 10:07:04] Unauthorized Person Detected
[2026-08-08 10:08:42] Multiple faces detected
[2026-08-08 10:08:43] Multiple faces detected
[2026-08-08 10:08:55] Unauthorized Person Detected
[2026-08-08 10:08:57] Multiple faces detected
[2026-08-08 10:08:58] Unauthorized Person Detected
[2026-08-08 10:08:59] Unauthorized Person Detected
[2026-08-08 10:09:00] Multiple faces detected
[2026-08-08 10:09:01] Unauthorized Person Detected
[2026-08-08 10:09:02] Multiple faces detected
[2026-08-08 10:09:03] Multiple faces detected
[2026-08-08 10:09:03] Multiple faces detected
[2026-08-08 11:01:48] Unauthorized Person Detected
[2026-08-08 11:01:48] Unauthorized Person Detected
[2026-08-08 11:01:49] Unauthorized Person Detected
[2026-08-08 11:01:49] Unauthorized Person Detected
[2026-08-08 11:01:50] Unauthorized Person Detected
[2026-08-08 11:01:55] Unauthorized Person Detected
[2026-08-08 11:01:56] Unauthorized Person Detected
[2026-08-08 11:01:59] Unauthorized Person Detected
[2026-08-08 11:01:59] Unauthorized Person Detected
[2026-08-08 11:01:59] Multiple faces detected
[2026-08-08 11:02:00] Unauthorized Person Detected
[2026-08-08 11:02:00] Multiple faces detected
[2026-08-08 11:02:00] Unauthorized Person Detected
[2026-08-08 11:02:00] Multiple faces detected
[2026-08-08 11:02:01] Unauthorized Person Detected
[2026-08-08 11:02:02] Unauthorized Person Detected
[2026-08-08 11:02:02] Multiple faces detected
[2026-08-08 11:02:07] Multiple faces detected
[2026-08-08 11:02:07] Unauthorized Person Detected
[2026-08-08 11:02:07] Multiple faces detected
[2026-08-08 11:02:07] Unauthorized Person Detected
[2026-08-08 11:02:07] Multiple faces detected
[2026-08-08 11:02:07] Unauthorized Person Detected
[2026-08-08 11:02:07] Multiple faces detected
[2026-08-08 11:02:08] Unauthorized Person Detected
[2026-08-08 11:02:08] Unauthorized Person Detected
[2026-08-08 11:02:10] Unauthorized Person Detected
[2026-08-08 11:02:11] Unauthorized Person Detected
[2026-08-08 11:02:11] Unauthorized Person Detected
[2026-08-08 11:02:12] Unauthorized Person Detected
[2026-08-08 11:02:12] Unauthorized Person Detected
[2026-08-08 11:02:13] Unauthorized Person Detected
[2026-08-08 11:02:13] Unauthorized Person Detected
[2026-08-08 11:02:14] Unauthorized Person Detected
[2026-08-08 11:02:15] Unauthorized Person Detected
[2026-08-08 11:02:15] Unauthorized Person Detected
[2026-08-08 11:02:16] Unauthorized Person Detected
[2026-08-08 11:02:16] Unauthorized Person Detected
[2026-08-08 11:02:17] Unauthorized Person Detected
[2026-08-08 11:02:19] Unauthorized Person Detected
[2026-08-08 11:02:19] Multiple faces detected
[2026-08-08 11:02:19] Unauthorized Person Detected
[2026-08-08 11:02:20] Multiple faces detected
[2026-08-08 11:02:21] Multiple faces detected
[2026-08-08 11:02:22] Unauthorized Person Detected
[2026-08-08 11:02:22] Unauthorized Person Detected
[2026-08-08 11:02:23] Unauthorized Person Detected
[2026-08-08 11:02:23] Unauthorized Person Detected
[2026-08-08 11:02:24] Unauthorized Person Detected
[2026-08-08 11:02:24] Unauthorized Person Detected
[2026-08-08 11:02:26] Unauthorized Person Detected
[2026-08-08 11:24:29] Multiple faces detected
[2026-08-08 11:24:36] Multiple faces detected
[2026-08-08 11:24:37] Multiple faces detected
[2026-08-08 11:24:40] Multiple faces detected
[2026-08-08 11:24:43] Multiple faces detected
[2026-08-08 11:24:58] Unauthorized Person Detected
[2026-08-08 11:24:59] Unauthorized Person Detected
[2026-08-08 11:25:02] Multiple faces detected
[2026-08-08 11:25:04] Multiple faces detected
[2026-08-08 11:25:04] Multiple faces detected
[2026-08-08 11:25:05] Multiple faces detected
[2026-08-08 11:25:10] Multiple faces detected
[2026-08-08 11:25:10] Multiple faces detected
[2026-08-08 11:25:14] Multiple faces detected
[2026-08-08 11:25:15] Multiple faces detected
[2026-08-08 11:25:15] Unauthorized Person Detected
[2026-08-08 11:25:15] Unauthorized Person Detected
[2026-08-08 11:25:15] Unauthorized Person Detected
[2026-08-08 11:25:16] Multiple faces detected
[2026-08-08 11:25:21] Multiple faces detected
[2026-08-08 11:33:20] Multiple faces detected
[2026-08-08 11:33:23] Multiple faces detected
[2026-08-08 11:33:24] Multiple faces detected
[2026-08-08 11:33:25] Unauthorized Person Detected
[2026-08-08 11:33:25] Unauthorized Person Detected
[2026-08-08 11:33:25] Multiple faces detected
[2026-08-08 11:33:25] Multiple faces detected
[2026-08-08 11:33:26] Unauthorized Person Detected
[2026-08-08 11:33:26] Unauthorized Person Detected
[2026-08-08 11:33:26] Multiple faces detected
[2026-08-08 11:33:26] Unauthorized Person Detected
[2026-08-08 11:33:26] Multiple faces detected
[2026-08-08 11:33:26] Unauthorized Person Detected
[2026-08-08 11:33:27] Unauthorized Person Detected
[2026-08-08 11:33:27] Unauthorized Person Detected
[2026-08-08 11:33:27] Multiple faces detected
[2026-08-08 11:33:29] Unauthorized Person Detected
[2026-08-08 11:33:29] Multiple faces detected
[2026-08-08 11:33:29] Unauthorized Person Detected
[2026-08-08 11:33:29] Multiple faces detected
[2026-08-08 11:33:30] Unauthorized Person Detected
[2026-08-08 11:33:31] Unauthorized Person Detected
[2026-08-08 11:33:31] Unauthorized Person Detected
[2026-08-08 11:33:32] Unauthorized Person Detected
[2026-08-08 11:33:32] Unauthorized Person Detected
[2026-08-08 11:33:33] Unauthorized Person Detected
[2026-08-08 11:33:33] Unauthorized Person Detected
[2026-08-08 11:33:33] Multiple faces detected
[2026-08-08 11:33:34] Unauthorized Person Detected
[2026-08-08 11:33:34] Multiple faces detected
[2026-08-08 11:33:34] Multiple faces detected
[2026-08-08 11:33:35] Unauthorized Person Detected
[2026-08-08 11:33:35] Multiple faces detected
[2026-08-08 11:33:35] Unauthorized Person Detected
[2026-08-08 11:33:35] Multiple faces detected
[2026-08-08 11:33:35] Unauthorized Person Detected
[2026-08-08 11:33:35] Unauthorized Person Detected
[2026-08-08 11:33:36] Unauthorized Person Detected
[2026-08-08 11:33:36] Unauthorized Person Detected
[2026-08-08 11:33:37] Unauthorized Person Detected
[2026-08-08 11:33:37] Unauthorized Person Detected
[2026-08-08 11:33:43] Unauthorized Person Detected
[2026-08-08 11:33:44] Unauthorized Person Detected
[2026-08-08 11:33:44] Unauthorized Person Detected
[2026-08-08 11:33:45] Unauthorized Person Detected
[2026-08-08 11:33:45] Unauthorized Person Detected
[2026-08-08 11:33:45] Multiple faces detected
[2026-08-08 11:33:45] Unauthorized Person Detected
[2026-08-08 11:33:46] Multiple faces detected
[2026-08-08 11:33:46] Unauthorized Person Detected
[2026-08-08 11:33:46] Multiple faces detected
[2026-08-08 11:33:46] Unauthorized Person Detected
[2026-08-08 11:33:47] Unauthorized Person Detected
[2026-08-08 11:33:49] Unauthorized Person Detected
[2026-08-08 11:33:50] Unauthorized Person Detected
[2026-08-08 11:33:51] Unauthorized Person Detected
[2026-08-08 11:33:52] Unauthorized Person Detected
[2026-08-08 11:33:52] Unauthorized Person Detected
[2026-08-08 11:33:53] Unauthorized Person Detected
[2026-08-08 11:33:54] Unauthorized Person Detected
[2026-08-08 11:33:54] Unauthorized Person Detected
[2026-08-08 11:33:54] Multiple faces detected
[2026-08-08 11:33:54] Unauthorized Person Detected
[2026-08-08 11:33:55] Multiple faces detected
[2026-08-08 11:33:55] Unauthorized Person Detected
[2026-08-08 11:33:55] Multiple faces detected
[2026-08-08 11:33:55] Unauthorized Person Detected
[2026-08-08 11:33:55] Multiple faces detected
[2026-08-08 11:33:55] Unauthorized Person Detected
[2026-08-08 11:33:55] Multiple faces detected
[2026-08-08 11:33:55] Unauthorized Person Detected
[2026-08-08 11:33:56] Multiple faces detected
[2026-08-08 11:33:56] Unauthorized Person Detected
[2026-08-08 11:33:56] Unauthorized Person Detected
[2026-08-08 11:33:57] Unauthorized Person Detected
[2026-08-08 11:33:57] Unauthorized Person Detected
[2026-08-08 11:33:58] Unauthorized Person Detected
[2026-08-08 11:34:56] Multiple faces detected
[2026-08-08 11:34:56] Unauthorized Person Detected
[2026-08-08 11:34:57] Camera covered or blocked
[2026-08-08 11:35:03] Unauthorized Person Detected
[2026-08-08 11:35:03] Multiple faces detected
[2026-08-08 11:35:04] Unauthorized Person Detected
[2026-08-08 11:35:04] Camera covered or blocked
[2026-08-08 11:35:05] Unauthorized Person Detected
[2026-08-08 11:35:05] Multiple faces detected
[2026-08-08 11:35:07] Unauthorized Person Detected
[2026-08-08 11:35:07] Unauthorized Person Detected
[2026-08-08 11:35:07] Unauthorized Person Detected
[2026-08-08 11:37:42] Multiple faces detected
[2026-08-08 11:37:42] Unauthorized Person Detected
[2026-08-08 11:37:42] Multiple faces detected
[2026-08-08 11:37:43] Unauthorized Person Detected
[2026-08-08 11:37:43] Unauthorized Person Detected
[2026-08-08 11:37:44] Unauthorized Person Detected
[2026-08-08 11:37:44] Multiple faces detected
[2026-08-08 11:37:44] Unauthorized Person Detected
[2026-08-08 11:37:44] Multiple faces detected
[2026-08-08 11:37:44] Unauthorized Person Detected
[2026-08-08 11:37:45] Unauthorized Person Detected
[2026-08-08 11:37:45] Unauthorized Person Detected
[2026-08-08 11:37:46] Unauthorized Person Detected
[2026-08-08 11:37:46] Unauthorized Person Detected
[2026-08-08 11:37:47] Unauthorized Person Detected
[2026-08-08 11:37:47] Unauthorized Person Detected
[2026-08-08 11:37:48] Multiple faces detected
[2026-08-08 11:37:48] Multiple faces detected
[2026-08-08 11:37:51] Multiple faces detected
[2026-08-08 11:37:51] Multiple faces detected
[2026-08-08 11:37:53] Multiple faces detected
[2026-08-08 11:37:54] Unauthorized Person Detected
[2026-08-08 11:37:54] Unauthorized Person Detected
[2026-08-08 11:37:55] Unauthorized Person Detected
[2026-08-08 11:37:55] Unauthorized Person Detected
[2026-08-08 11:37:56] Unauthorized Person Detected
[2026-08-08 11:37:58] Unauthorized Person Detected
[2026-08-08 11:37:59] Unauthorized Person Detected
[2026-08-08 11:37:59] Unauthorized Person Detected
[2026-08-08 11:38:00] Unauthorized Person Detected
[2026-08-08 11:38:00] Unauthorized Person Detected
[2026-08-08 11:38:00] Camera covered or blocked
[2026-08-08 11:38:01] Multiple faces detected
[2026-08-08 11:38:01] Unauthorized Person Detected
[2026-08-08 11:38:01] Multiple faces detected
[2026-08-08 11:38:02] Camera covered or blocked
[2026-08-08 11:38:08] Unauthorized Person Detected
[2026-08-08 11:38:09] Multiple faces detected
[2026-08-08 11:51:01] Multiple faces detected
[2026-08-08 11:51:12] Unauthorized Person Detected
[2026-08-08 11:51:12] Multiple faces detected
[2026-08-08 11:51:12] Unauthorized Person Detected
[2026-08-08 11:51:14] Multiple faces detected
[2026-08-08 11:51:16] Unauthorized Person Detected
[2026-08-08 11:51:16] Multiple faces detected
[2026-08-08 11:51:16] Unauthorized Person Detected
[2026-08-08 11:51:16] Multiple faces detected
[2026-08-08 11:51:17] Multiple faces detected
[2026-08-08 11:51:17] Multiple faces detected
[2026-08-08 11:51:19] Multiple faces detected
[2026-08-08 11:51:22] Multiple faces detected
[2026-08-08 11:51:23] Multiple faces detected
[2026-08-08 11:51:24] Unauthorized Person Detected
[2026-08-08 11:51:25] Camera covered or blocked
[2026-08-08 11:51:30] Camera covered or blocked
[2026-08-08 11:51:32] Unauthorized Person Detected
[2026-08-08 11:53:36] Unauthorized Person Detected
[2026-08-08 11:53:36] Multiple faces detected
[2026-08-08 11:53:37] Unauthorized Person Detected
[2026-08-08 11:53:37] Multiple faces detected
[2026-08-08 11:53:38] Unauthorized Person Detected
[2026-08-08 11:53:38] Multiple faces detected
[2026-08-08 11:53:40] Unauthorized Person Detected
[2026-08-08 11:53:40] Multiple faces detected
[2026-08-08 11:53:40] Unauthorized Person Detected
[2026-08-08 11:53:40] Multiple faces detected
[2026-08-08 11:53:40] Unauthorized Person Detected
[2026-08-08 11:53:40] Multiple faces detected
[2026-08-08 11:53:40] Unauthorized Person Detected
[2026-08-08 11:53:41] Multiple faces detected
[2026-08-08 11:53:41] Unauthorized Person Detected
[2026-08-08 11:53:41] Multiple faces detected
[2026-08-08 11:53:41] Unauthorized Person Detected
[2026-08-08 11:53:41] Multiple faces detected
[2026-08-08 11:53:41] Unauthorized Person Detected
[2026-08-08 11:53:42] Unauthorized Person Detected
[2026-08-08 11:53:43] Multiple faces detected
[2026-08-08 11:53:43] Unauthorized Person Detected
[2026-08-08 11:53:43] Multiple faces detected
[2026-08-08 11:53:43] Unauthorized Person Detected
[2026-08-08 11:53:43] Multiple faces detected
[2026-08-08 11:53:43] Unauthorized Person Detected
[2026-08-08 11:53:43] Multiple faces detected
[2026-08-08 11:53:43] Unauthorized Person Detected
[2026-08-08 11:53:44] Unauthorized Person Detected
[2026-08-08 11:53:44] Multiple faces detected
[2026-08-08 11:53:44] Unauthorized Person Detected
[2026-08-08 11:53:44] Unauthorized Person Detected
[2026-08-08 11:59:39] Multiple faces detected
[2026-08-08 11:59:39] Multiple faces detected
[2026-08-08 11:59:39] Multiple faces detected
[2026-08-08 11:59:40] Multiple faces detected
[2026-08-08 11:59:41] Multiple faces detected
[2026-08-08 11:59:43] Unauthorized Person Detected
[2026-08-08 11:59:43] Multiple faces detected
[2026-08-08 11:59:44] Unauthorized Person Detected
[2026-08-08 11:59:44] Multiple faces detected
[2026-08-08 11:59:45] Multiple faces detected
[2026-08-08 11:59:48] Multiple faces detected
[2026-08-08 11:59:49] Unauthorized Person Detected
[2026-08-08 11:59:50] Unauthorized Person Detected
[2026-08-08 11:59:50] Unauthorized Person Detected
[2026-08-08 11:59:51] Multiple faces detected
[2026-08-08 11:59:51] Unauthorized Person Detected
[2026-08-08 11:59:51] Multiple faces detected
[2026-08-08 11:59:51] Unauthorized Person Detected
[2026-08-08 11:59:51] Multiple faces detected
[2026-08-08 11:59:54] Unauthorized Person Detected
[2026-08-08 11:59:55] Multiple faces detected
[2026-08-08 11:59:56] Multiple faces detected
[2026-08-08 11:59:56] Unauthorized Person Detected
[2026-08-08 11:59:57] Unauthorized Person Detected
[2026-08-08 11:59:59] Unauthorized Person Detected
[2026-08-08 12:00:00] Unauthorized Person Detected
[2026-08-08 12:00:00] Unauthorized Person Detected
[2026-08-08 12:00:01] Unauthorized Person Detected
[2026-08-08 12:00:04] Unauthorized Person Detected
[2026-08-08 12:00:05] Unauthorized Person Detected
[2026-08-08 12:00:06] Unauthorized Person Detected
[2026-08-08 12:00:06] Unauthorized Person Detected
[2026-08-08 12:02:26] Unauthorized Person Detected
[2026-08-08 12:02:26] Multiple faces detected
[2026-08-08 12:02:27] Unauthorized Person Detected
[2026-08-08 12:02:27] Multiple faces detected
[2026-08-08 12:02:27] Unauthorized Person Detected
[2026-08-08 12:02:27] Multiple faces detected
[2026-08-08 12:02:27] Unauthorized Person Detected
[2026-08-08 12:02:27] Multiple faces detected
[2026-08-08 12:02:27] Unauthorized Person Detected
[2026-08-08 12:02:27] Multiple faces detected
[2026-08-08 12:02:27] Unauthorized Person Detected
[2026-08-08 12:02:28] Multiple faces detected
[2026-08-08 12:02:28] Unauthorized Person Detected
[2026-08-08 12:02:28] Multiple faces detected
[2026-08-08 12:02:28] Unauthorized Person Detected
[2026-08-08 12:02:28] Multiple faces detected
[2026-08-08 12:02:30] Unauthorized Person Detected
[2026-08-08 12:02:30] Multiple faces detected
[2026-08-08 12:02:30] Unauthorized Person Detected
[2026-08-08 12:02:30] Multiple faces detected
[2026-08-08 12:02:30] Unauthorized Person Detected
[2026-08-08 12:02:30] Multiple faces detected
[2026-08-08 12:02:30] Unauthorized Person Detected
[2026-08-08 12:02:31] Multiple faces detected
[2026-08-08 12:02:31] Unauthorized Person Detected
[2026-08-08 12:02:31] Multiple faces detected
[2026-08-08 12:02:34] Unauthorized Person Detected
[2026-08-08 12:02:35] Unauthorized Person Detected
[2026-08-08 12:02:36] Unauthorized Person Detected
[2026-08-08 12:02:36] Unauthorized Person Detected
[2026-08-08 12:02:39] Camera covered or blocked
[2026-08-08 12:02:46] Unauthorized Person Detected
[2026-08-08 12:02:47] Unauthorized Person Detected
[2026-08-08 14:16:57] Multiple faces detected
[2026-08-08 14:17:00] Unauthorized Person Detected
[2026-08-08 14:17:00] Multiple faces detected
[2026-08-08 14:17:03] Unauthorized Person Detected
[2026-08-08 14:17:05] Unauthorized Person Detected
[2026-08-08 14:17:08] Multiple faces detected
[2026-08-08 14:17:09] Multiple faces detected
[2026-08-08 14:17:09] Multiple faces detected
[2026-08-08 14:17:10] Multiple faces detected
[2026-08-08 14:17:10] Multiple faces detected
[2026-08-08 14:17:14] Unauthorized Person Detected
[2026-08-08 14:17:14] Multiple faces detected
[2026-08-08 14:17:15] Unauthorized Person Detected
[2026-08-08 14:17:15] Multiple faces detected
[2026-08-08 14:17:15] Multiple faces detected
[2026-08-08 14:17:15] Unauthorized Person Detected
[2026-08-08 14:17:16] Multiple faces detected
[2026-08-08 14:17:16] Unauthorized Person Detected
[2026-08-08 14:17:16] Camera covered or blocked
[2026-08-08 14:17:17] Unauthorized Person Detected
[2026-08-08 14:17:18] Camera covered or blocked
[2026-08-08 14:17:22] Unauthorized Person Detected
[2026-08-08 14:17:22] Unauthorized Person Detected
[2026-08-08 14:17:24] Unauthorized Person Detected
[2026-08-08 14:17:24] Multiple faces detected
[2026-08-08 14:17:24] Unauthorized Person Detected
[2026-08-08 14:55:51] Multiple faces detected
[2026-08-08 14:55:52] Unauthorized Person Detected
[2026-08-08 14:55:52] Multiple faces detected
[2026-08-08 14:55:59] Unauthorized Person Detected
[2026-08-08 14:55:59] Multiple faces detected
[2026-08-08 14:56:01] Multiple faces detected
[2026-08-08 14:56:03] Multiple faces detected
[2026-08-08 14:56:04] Unauthorized Person Detected
[2026-08-08 14:56:04] Multiple faces detected
[2026-08-08 14:56:05] Unauthorized Person Detected
[2026-08-08 14:56:06] Multiple faces detected
[2026-08-08 14:56:06] Unauthorized Person Detected
[2026-08-08 14:56:06] Multiple faces detected
[2026-08-08 14:56:06] Unauthorized Person Detected
[2026-08-08 14:56:07] Multiple faces detected
[2026-08-08 14:56:12] Unauthorized Person Detected
[2026-08-08 14:56:13] Multiple faces detected
[2026-08-08 14:56:13] Unauthorized Person Detected
[2026-08-08 14:56:13] Multiple faces detected
[2026-08-08 14:56:22] Unauthorized Person Detected
[2026-08-08 14:56:23] Multiple faces detected
[2026-08-08 14:56:30] Unauthorized Person Detected
[2026-08-08 14:56:30] Multiple faces detected
[2026-08-08 14:56:30] Unauthorized Person Detected
[2026-08-08 14:56:30] Multiple faces detected
[2026-08-08 14:56:30] Unauthorized Person Detected
[2026-08-08 14:56:30] Multiple faces detected
[2026-08-08 14:56:31] Unauthorized Person Detected
[2026-08-08 14:56:31] Multiple faces detected
[2026-08-08 14:56:32] Multiple faces detected
[2026-08-08 14:56:32] Unauthorized Person Detected
[2026-08-08 14:56:32] Multiple faces detected
[2026-08-08 14:56:32] Unauthorized Person Detected
[2026-08-08 14:56:33] Multiple faces detected
